// Jest Snapshot v1, https://goo.gl/fbAQLP

exports[`Test on the <GifExpertApp> component The component is renderign correctly 1`] = `
<Fragment>
  <h2>
    GifExpertApp
  </h2>
  <AddCategory
    setCategories={[Function]}
  />
  <hr />
  <ol>
    <GifGrid
      category="Star Wars"
      key="Star Wars"
    />
  </ol>
</Fragment>
`;
